✔ decision vocabulary is frozen and labels every question with its evidence class (2.300584ms)
✔ validateDecisionRequest accepts a canonical request and rejects unknown bundles, questions and kinds (0.852ms)
✔ validateDecisionResponse requires provenance and rejects out-of-scale or mistyped answers (0.8355ms)
✔ resolvePlanReady requires every plan question and treats a blocking unknown as not ready (0.135334ms)
✔ resolveActionGate only escalates to policy and never authorises (0.133667ms)
✔ resolveNextState covers every outcome and never escalates intelligence on infrastructure failure (0.263333ms)
✔ resolveReleaseState never returns allowed from readiness alone (0.130375ms)
✔ resolveComposites and transitionRecommendationOf dispatch per bundle (0.159167ms)
✔ evaluateDecision answers from operator input or deterministic evidence and reports what is unevaluable (0.440125ms)
✔ decision trace round-trips locally and never accepts chain-of-thought (8.437667ms)
✔ classifyFailure separates infrastructure from cognitive failure and never escalates on infrastructure (0.338875ms)
✔ shadow fixtures cover every evaluation row and replay deterministically (5.788417ms)
✔ S1 prioritizes known failures and scope problems over unknown checks (0.094ms)
✔ S1 does not turn not-run or unreadable evidence into retry or done (0.055209ms)
✔ S1 rejects duplicate deterministic checks before resolution (0.054583ms)
✔ S1 known failure and broken scope dominate a separate infrastructure failure (0.030583ms)
✔ S1 an incomplete semantic verification still retries a measured timeout (0.02525ms)
✔ a command result maps to exactly one observed status (1.63725ms)
✔ a timed-out or signalled command is unknown rather than a failed check (0.174125ms)
✔ every declared dev check is reported exactly once (0.197375ms)
✔ an undeclared check id is rejected instead of silently recorded (0.23875ms)
✔ adapter output carries observed facts and no opinion (0.20025ms)
✔ git state is reported as facts without a verdict (0.132834ms)
✔ adapter output satisfies the verify bundle evidence contract (0.554584ms)
✔ collection records what a runner observed and never throws for a check (0.374666ms)
✔ collection reads git state and survives a failing git reader (0.17775ms)
✔ collection rejects an undeclared or duplicated command set (0.269917ms)
✔ the adapter stays provider-neutral and adds no model vocabulary (5.496292ms)
✔ deterministic serialization is stable for identical observations (0.133666ms)
✔ S1 limits dev evidence to explicit requiredCheckIds and preserves default compatibility (0.192084ms)
✔ S1 derives dev required scope from commands and retains timeout facts (0.093292ms)
✔ S1 collector preserves a nonzero exit reported through runner rejection (0.113792ms)
✔ every declared office check is reported exactly once (1.712209ms)
✔ a formula error or failed render is an observed fact, not a judgement (0.241875ms)
✔ an undeclared office check id is rejected instead of silently recorded (0.089375ms)
✔ artifact facts report file state without a verdict (0.282708ms)
✔ office adapter output carries observed facts and no opinion (0.119792ms)
✔ office adapter output satisfies the verify bundle evidence contract (0.460625ms)
✔ deterministic artifact checks pass but semantic quality fails (0.246125ms)
✔ semantic quality passes but deterministic artifact validation fails (0.22025ms)
✔ collection records what an inspector observed and never throws for a check (0.346666ms)
✔ collection reads artifact facts and survives a failing reader (0.212083ms)
✔ collection rejects an undeclared or duplicated inspection set (0.237791ms)
✔ the office adapter reuses the declared check ids and adds no model vocabulary (5.453333ms)
✔ deterministic serialization is stable for identical office observations (0.126875ms)
✔ S1 limits office evidence to explicit requiredCheckIds and preserves default compatibility (0.175875ms)
✔ S1 derives office required scope from inspections and preserves timeout facts (0.079833ms)
ℹ tests 47
ℹ suites 0
ℹ pass 47
ℹ fail 0
ℹ cancelled 0
ℹ skipped 0
ℹ todo 0
ℹ duration_ms 117.853208
