✔ decision vocabulary is frozen and labels every question with its evidence class (1.792666ms)
✔ validateDecisionRequest accepts a canonical request and rejects unknown bundles, questions and kinds (0.829375ms)
✔ validateDecisionResponse requires provenance and rejects out-of-scale or mistyped answers (1.483709ms)
✔ resolvePlanReady requires every plan question and treats a blocking unknown as not ready (0.182166ms)
✔ resolveActionGate only escalates to policy and never authorises (0.160666ms)
✔ resolveNextState covers every outcome and never escalates intelligence on infrastructure failure (0.284792ms)
✔ resolveReleaseState never returns allowed from readiness alone (0.143667ms)
✔ resolveComposites and transitionRecommendationOf dispatch per bundle (0.162209ms)
✔ evaluateDecision answers from operator input or deterministic evidence and reports what is unevaluable (0.475084ms)
✔ decision trace round-trips locally and never accepts chain-of-thought (9.118417ms)
✔ classifyFailure separates infrastructure from cognitive failure and never escalates on infrastructure (0.324458ms)
✔ shadow fixtures cover every evaluation row and replay deterministically (5.148375ms)
✔ S1 prioritizes known failures and scope problems over unknown checks (0.093833ms)
✔ S1 does not turn not-run or unreadable evidence into retry or done (0.060041ms)
✔ S1 rejects duplicate deterministic checks before resolution (0.055334ms)
✖ S1 known failure and broken scope dominate a separate infrastructure failure (0.819ms)
✖ S1 an incomplete semantic verification still retries a measured timeout (0.178875ms)
✔ a command result maps to exactly one observed status (1.571292ms)
✔ a timed-out or signalled command is unknown rather than a failed check (0.170875ms)
✔ every declared dev check is reported exactly once (0.194125ms)
✔ an undeclared check id is rejected instead of silently recorded (0.237084ms)
✔ adapter output carries observed facts and no opinion (0.196541ms)
✔ git state is reported as facts without a verdict (0.110208ms)
✔ adapter output satisfies the verify bundle evidence contract (0.564834ms)
✔ collection records what a runner observed and never throws for a check (0.368375ms)
✔ collection reads git state and survives a failing git reader (0.168417ms)
✔ collection rejects an undeclared or duplicated command set (0.310208ms)
✔ the adapter stays provider-neutral and adds no model vocabulary (6.412542ms)
✔ deterministic serialization is stable for identical observations (0.142833ms)
✔ S1 limits dev evidence to explicit requiredCheckIds and preserves default compatibility (0.183916ms)
✔ S1 derives dev required scope from commands and retains timeout facts (0.095625ms)
✖ S1 collector preserves a nonzero exit reported through runner rejection (0.849ms)
✔ every declared office check is reported exactly once (1.658708ms)
✔ a formula error or failed render is an observed fact, not a judgement (0.243833ms)
✔ an undeclared office check id is rejected instead of silently recorded (0.084208ms)
✔ artifact facts report file state without a verdict (0.275542ms)
✔ office adapter output carries observed facts and no opinion (0.110708ms)
✔ office adapter output satisfies the verify bundle evidence contract (0.448333ms)
✔ deterministic artifact checks pass but semantic quality fails (0.233416ms)
✔ semantic quality passes but deterministic artifact validation fails (0.209667ms)
✔ collection records what an inspector observed and never throws for a check (0.330458ms)
✔ collection reads artifact facts and survives a failing reader (0.203458ms)
✔ collection rejects an undeclared or duplicated inspection set (0.301166ms)
✔ the office adapter reuses the declared check ids and adds no model vocabulary (6.116333ms)
✔ deterministic serialization is stable for identical office observations (0.148959ms)
✔ S1 limits office evidence to explicit requiredCheckIds and preserves default compatibility (0.187ms)
✔ S1 derives office required scope from inspections and preserves timeout facts (0.081583ms)
ℹ tests 47
ℹ suites 0
ℹ pass 44
ℹ fail 3
ℹ cancelled 0
ℹ skipped 0
ℹ todo 0
ℹ duration_ms 124.190667

✖ failing tests:

test at tests/trio/decision.test.mjs:507:1
✖ S1 known failure and broken scope dominate a separate infrastructure failure (0.819ms)
  AssertionError [ERR_ASSERTION]: Expected values to be strictly equal:
  
  'retry' !== 'repair'
  
      at TestContext.<anonymous> (file:///Users/jared/SuperpoweringWithFiles/tests/trio/decision.test.mjs:509:10)
      at Test.runInAsyncScope (node:async_hooks:226:14)
      at Test.run (node:internal/test_runner/test:1201:25)
      at Test.processPendingSubtests (node:internal/test_runner/test:831:18)
      at Test.postRun (node:internal/test_runner/test:1330:19)
      at Test.run (node:internal/test_runner/test:1258:12)
      at async Test.processPendingSubtests (node:internal/test_runner/test:831:7) {
    generatedMessage: true,
    code: 'ERR_ASSERTION',
    actual: 'retry',
    expected: 'repair',
    operator: 'strictEqual',
    diff: 'simple'
  }

test at tests/trio/decision.test.mjs:513:1
✖ S1 an incomplete semantic verification still retries a measured timeout (0.178875ms)
  AssertionError [ERR_ASSERTION]: Expected values to be strictly equal:
  + actual - expected
  
  + 'continue'
  - 'retry'
  
      at TestContext.<anonymous> (file:///Users/jared/SuperpoweringWithFiles/tests/trio/decision.test.mjs:514:10)
      at Test.runInAsyncScope (node:async_hooks:226:14)
      at Test.run (node:internal/test_runner/test:1201:25)
      at Test.processPendingSubtests (node:internal/test_runner/test:831:18)
      at Test.postRun (node:internal/test_runner/test:1330:19)
      at Test.run (node:internal/test_runner/test:1258:12)
      at async Test.processPendingSubtests (node:internal/test_runner/test:831:7) {
    generatedMessage: true,
    code: 'ERR_ASSERTION',
    actual: 'continue',
    expected: 'retry',
    operator: 'strictEqual',
    diff: 'simple'
  }

test at tests/trio/dev-evidence.test.mjs:242:1
✖ S1 collector preserves a nonzero exit reported through runner rejection (0.849ms)
  AssertionError [ERR_ASSERTION]: Expected values to be strictly equal:
  
  'unknown' !== 'fail'
  
      at TestContext.<anonymous> (file:///Users/jared/SuperpoweringWithFiles/tests/trio/dev-evidence.test.mjs:244:10)
      at async Test.run (node:internal/test_runner/test:1208:7)
      at async Test.processPendingSubtests (node:internal/test_runner/test:831:7) {
    generatedMessage: true,
    code: 'ERR_ASSERTION',
    actual: 'unknown',
    expected: 'fail',
    operator: 'strictEqual',
    diff: 'simple'
  }
